AA1		EQU 06079H
ADIOS		EQU 060AEH
AMPLI_C		EQU 06C3FH
AMPLI_E		EQU 06C73H
AMPLI_I		EQU 06C59H
AMPLI_J		EQU 06C66H
AMPLI_S		EQU 06C4CH
AMPLI_Y		EQU 06C7AH
ARRIB1		EQU 06BE7H
ARRIB2		EQU 06BFDH
ARRIBA		EQU 06BDFH
ASASA		EQU 05E4EH
ATTH		EQU 05FFBH
ATTR		EQU 079C2H
BBP10		EQU 07A70H
BBP11		EQU 07A5BH
BBP12		EQU 07A5FH
BBP20		EQU 078D1H
BBP21		EQU 078DBH
BBP22		EQU 078CEH
BBP23		EQU 07A7BH
BBP98		EQU 07A35H
BBPP1		EQU 07A40H
BBPP2		EQU 07A44H
BBPP3		EQU 07A47H
BC0		EQU 07127H
BC1		EQU 06B90H
BC2		EQU 06B93H
BC22		EQU 0712CH
BC3		EQU 0712FH
BCOLUM		EQU 06BEBH
BDSDS		EQU 0705AH
BECLE		EQU 06097H
BERE		EQU 06BC4H
BICHOS		EQU 0779FH
BIMPRE		EQU 06C9EH
BIMPRE2		EQU 06CC3H
BITT		EQU 079ADH
BLNPIX		EQU 06BE9H
BO		EQU 06095H
BOMBA		EQU 078B7H
BOOM		EQU 07735H
BOOM1		EQU 07776H
BORDE		EQU 06057H
BU		EQU 0607EH
BU1		EQU 06048H
BU13		EQU 05F89H
BU16		EQU 05F96H
BU2		EQU 06082H
BU44		EQU 061F5H
BUC		EQU 05FCEH
BUCIMPREX	EQU 08702H
BUCLE		EQU 0604AH
BUCRE1		EQU 07903H
BUC_0		EQU 0605FH
BUC_1		EQU 060CBH
BUFIN		EQU 086F8H
BUII		EQU 07911H
BUSUE		EQU 070F3H
BUT		EQU 07953H
BUT4		EQU 07A32H
BUU1		EQU 079F4H
BUU2		EQU 07A19H
BUUC2		EQU 07999H
BYTE		EQU 079A9H
C1		EQU 06104H
C2		EQU 0611FH
C4		EQU 06147H
CA1		EQU 05F84H
CA2		EQU 05F8CH
CARACO		EQU 06B86H
CARACT		EQU 05FF4H
CARADE		EQU 06BD0H
CARASFIN	EQU 08757H
CCDAT		EQU 06DCEH
CCOCH2		EQU 07ADDH
CCOCH3		EQU 07ADEH
CCOCHE		EQU 07AAFH
CEDAT		EQU 06E2DH
CERO		EQU 06CCFH
CHARESP		EQU 067FFH
CHARS1		EQU 06C8FH
CHARS2		EQU 06C87H
CHARSET		EQU 061FFH
CHARX2		EQU 064FFH
CIDAT		EQU 06DF4H
CIUDAD1		EQU 076E1H
CIUPE		EQU 08453H
CJDAT		EQU 06E07H
CLS		EQU 0602DH
CLS2		EQU 0603BH
COCHE		EQU 07AA0H
COCHE1		EQU 07A6BH
COCHE2		EQU 07A76H
COH2		EQU 07ADFH
COLOR		EQU 06056H
COLOR2		EQU 0A2B4H
COLOR3		EQU 0A7B4H
COLOR8		EQU 0EB35H
COLORBUC1	EQU 079D9H
COLUM		EQU 05FE1H
CONT1		EQU 061C5H
CONT2		EQU 061C6H
CONT4		EQU 061C7H
CONT8		EQU 05E15H
CONT9		EQU 0794AH
CORDIL		EQU 0745EH
CSDAT		EQU 06DE1H
CYDAT		EQU 06E1AH
DARKT		EQU 05F07H
DAT1		EQU 061BFH
DAT10		EQU 061FEH
DAT2		EQU 061C0H
DAT3		EQU 061C1H
DAT4		EQU 061C2H
DAT5		EQU 061C3H
DAT6		EQU 061C4H
DAT8		EQU 061FCH
DAT9		EQU 061FDH
DATFUE1		EQU 07880H
DATFUE2		EQU 07881H
DATFUE4		EQU 07899H
DTPANT		EQU 0792AH
EQU2		EQU 07A92H
ESPERA		EQU 05DF2H
ESPERA1		EQU 08716H
ESTASS		EQU 05E29H
ESTEVE		EQU 06F20H
ETIQUE		EQU 06B8DH
EX2		EQU 0871CH
FILA		EQU 05FDDH
FINCODIGO	EQU 0FDB5H
FINCODIGO2	EQU 0FFF6H
FINPELI		EQU 086B7H
FUEGO		EQU 0783BH
FUEGO1		EQU 0785EH
FUEGO2		EQU 0786BH
FUEGO3		EQU 07882H
FUEGO4		EQU 0788DH
FUEGO5		EQU 0789EH
FUEGO6		EQU 078B4H
FUEGO_ON	EQU 07854H
GOTAS		EQU 0616DH
GRUTA		EQU 070BEH
GRUTA1		EQU 0760EH
GRUTA2		EQU 07629H
GUSANO		EQU 05DF7H
HIST		EQU 05E60H
HOLA		EQU 060B3H
IM23		EQU 07A81H
IMGFUEGO	EQU 08603H
IMGJACA		EQU 087E4H
IMGSOL		EQU 0FF01H
IMP		EQU 07950H
IMPRE2		EQU 05F82H
IMPRE3		EQU 05F9DH
IMPRE4		EQU 05FB5H
IMPRE5		EQU 05FD4H
IMPRE6		EQU 0792BH
IMPREC		EQU 05F73H
IMPRECS		EQU 07185H
IMPREE		EQU 07A17H
IMPREFIN	EQU 086FBH
IMPREI		EQU 079E2H
IMPREX2		EQU 06C97H
IMPROC		EQU 05F7AH
INICIO		EQU 05DC0H
INVER		EQU 078FAH
JAC		EQU 071A1H
JAC1		EQU 07198H
JAC2		EQU 071EEH
JACA		EQU 0719AH
JACA1		EQU 07242H
JACA2		EQU 072AEH
JACA3		EQU 0731AH
JACA4		EQU 07386H
JAVIER		EQU 06F80H
JEJE		EQU 06B84H
JJJJ		EQU 06B6DH
JOJO		EQU 06B7CH
JUJU		EQU 06B55H
KAMUIR		EQU 077C1H
KARLOS		EQU 06EC0H
LAJACA		EQU 07040H
LETRA		EQU 070BCH
LLUVIA		EQU 05E34H
M1		EQU 060F4H
M2		EQU 0610EH
M3		EQU 06129H
M4		EQU 06137H
M5		EQU 06151H
M7		EQU 0615FH
MAIN		EQU 05DCAH
MITAD		EQU 07996H
MJAC		EQU 071E7H
MONTE		EQU 0710AH
MUERTO		EQU 0778EH
NAVES		EQU 0840AH
NAVES2		EQU 08417H
NCHANG		EQU 06010H
NOCA1		EQU 07141H
NOCA2		EQU 07161H
NUBE		EQU 05DE4H
NUBO		EQU 05E80H
OUTM2		EQU 05EDAH
PABUELO2	EQU 07821H
PANT1		EQU 07B2DH
PANT10		EQU 08388H
PANT2		EQU 07BF0H
PANT3		EQU 07CD3H
PANT4		EQU 07D96H
PANT5		EQU 07E99H
PANT6		EQU 07F7CH
PANT7		EQU 0807FH
PANT8		EQU 08203H
PANT9		EQU 08306H
PANTHL		EQU 05FE2H
PAUSE0		EQU 061C8H
PELICULA	EQU 076CBH
PEQUE		EQU 08434H
PIJAMA		EQU 06AFFH
PILA		EQU 05DBFH
PNOO		EQU 07810H
POBLADO1	EQU 077B0H
POBLADO2	EQU 077D2H
POKSET		EQU 06020H
PONBYT		EQU 078C6H
PONCOLOR	EQU 079D3H
PPANT1		EQU 08AB4H
PPANT2		EQU 09AB4H
PPANT3		EQU 0A3B4H
PPANT4		EQU 0A834H
PPANT5		EQU 0BA34H
PPANT6		EQU 0CC34H
PPANT7		EQU 0D534H
PPANT8		EQU 0E735H
PPANT9		EQU 0EBB5H
PRESA		EQU 05F53H
PRESS		EQU 0609FH
PROXBY		EQU 06BF4H
RADIO		EQU 07173H
RAINM2		EQU 05ED3H
RALLAS		EQU 061D4H
RALLOS		EQU 061E3H
RENIN		EQU 07AEEH
RENOM		EQU 07AC7H
RENUM		EQU 07AB0H
RENUN		EQU 07B03H
RESETEA		EQU 08737H
RESS		EQU 060E8H
SAGA		EQU 063E7H
SCARDE		EQU 06C11H
SCAROR		EQU 06C23H
SCHANG		EQU 0600BH
SCR2		EQU 07147H
SCRB1		EQU 0714CH
SCRB2		EQU 0714FH
SCREEN		EQU 04000H
SCROL		EQU 0711FH
SCROLL		EQU 06077H
SEDEE		EQU 06BB5H
SINCLS		EQU 0603FH
SNAVE1		EQU 07A3BH
SNAVE2		EQU 07A56H
START		EQU 06E40H
STERDE		EQU 06C1DH
STEROR		EQU 06C33H
SUE		EQU 070E7H
SUE1		EQU 070EAH
SUEL		EQU 070ECH
SUELO		EQU 073F2H
T1		EQU 06D0BH
T2		EQU 06D32H
T3		EQU 06D54H
T4		EQU 06D7BH
T5		EQU 06DA6H
TABLA		EQU 06E41H
TABLAP		EQU 07B19H
TABLE		EQU 06BD8H
TABLE2		EQU 07195H
TABLI		EQU 08449H
TABLO		EQU 0844EH
TABU23		EQU 070DDH
TABU24		EQU 070E2H
TEXTAS		EQU 0717DH
TEXTO		EQU 05EDDH
TEXTOFIN	EQU 0FFB5H
TEXTON		EQU 0706AH
TONI		EQU 060A4H
TONII		EQU 06E60H
TREBO2		EQU 070D8H
TREBOL		EQU 070D3H
TRIBIA		EQU 06FE0H
TURURU		EQU 05E1AH
TXTJACA		EQU 08732H
TXTSOL		EQU 0872DH
UCLE		EQU 05FBCH
UCRE		EQU 07905H
UCRESS		EQU 0718CH
UP		EQU 078F4H
VAR		EQU 05CB0H
VOLQ		EQU 0796BH
VOLQ1		EQU 07985H
VOLQ2		EQU 07974H
YLAHIS		EQU 05E40H
