AB1		EQU 0A505H
AB2		EQU 0A4FCH
ABRIR		EQU 0A4EAH
ABRIRS		EQU 0A4DFH
ANDA		EQU 0A313H
BAJ		EQU 0A354H
BAJA		EQU 0A312H
BAJAR		EQU 0A3B9H
BAS		EQU 09D13H
BEVOL1		EQU 09E98H
BI1		EQU 0A2D9H
BI2		EQU 0A2E3H
BI3		EQU 0A2E6H
BIO		EQU 0A2C9H
BIS		EQU 09D83H
BLU1		EQU 0A25AH
BOCA		EQU 0A3EDH
BOCA1		EQU 0A3F4H
BOCA2		EQU 0A402H
BOCAS		EQU 0A3E2H
B_CAM		EQU 09F74H
B_CAM2		EQU 09F69H
B_ESC		EQU 09EB6H
CA		EQU 0A570H
CA1		EQU 0A582H
CAMBIO		EQU 09F46H
CER		EQU 09CC6H
CERO		EQU 09D39H
CF1		EQU 0A5A7H
CFB		EQU 0A550H
CFIN		EQU 0A596H
COME		EQU 0A496H
COME1		EQU 0A4ABH
COMPR		EQU 09D87H
CONT		EQU 09E7FH
CONT1		EQU 0A340H
COORS		EQU 0A2C0H
CP1		EQU 0A562H
CPASO		EQU 0A551H
DASCOS		EQU 0A228H
DATCOL		EQU 0A227H
DATO		EQU 09E13H
DATO1		EQU 09E14H
DIRE		EQU 0A2F7H
D_DRAC		EQU 0A0F8H
D_REL		EQU 0A236H
ENDED		EQU 09C43H
ESCRIB		EQU 09EAFH
ESPE1		EQU 0A1D9H
ESPE5		EQU 0A24CH
ESPERA		EQU 0A242H
F1		EQU 0A437H
FALTA		EQU 0A2B0H
FAS		EQU 0A362H
FASE		EQU 0A2B3H
FBOCA		EQU 0A3ECH
FILA		EQU 09CB7H
FIN		EQU 0A0B0H
FINAL		EQU 0A4B9H
FINI		EQU 0A3CDH
FONT2		EQU 09F06H
FRASE		EQU 09C6CH
FUE2		EQU 0A438H
FUEGO		EQU 0A422H
FUEGOS		EQU 0A446H
GRAF		EQU 09EA5H
GR_LUNA		EQU 0C0DDH
GR_PUE1		EQU 0CAFEH
GR_PUE2		EQU 0CBFEH
GR_PUE3		EQU 0CCFEH
GR_PUE4		EQU 0CDFEH
HOH		EQU 0A277H
IMPRE		EQU 09E6CH
IMPRES		EQU 0A2C2H
INICI2		EQU 09F89H
INICIO		EQU 09F7EH
JIJI		EQU 0A470H
JNO		EQU 0A4DEH
LU2		EQU 0A25EH
LUNA		EQU 0A252H
MAAS		EQU 0A0F7H
MAPA		EQU 0A036H
MAPO		EQU 0A038H
MAS		EQU 09D5BH
MASS		EQU 0A127H
MENAS		EQU 09D72H
MENES		EQU 09D21H
MENOS		EQU 09D66H
MENUS		EQU 09D14H
MIS		EQU 09D08H
MOVE		EQU 09C88H
MOVI		EQU 09C82H
NOFUE		EQU 0A45BH
OK		EQU 0A276H
OKS		EQU 0A278H
OKS1		EQU 0A2A5H
P1		EQU 09ED1H
P3		EQU 09ED9H
PAES		EQU 09D31H
PANTA		EQU 08140H
PAUS		EQU 09D82H
PCOLOR		EQU 09ECAH
PE_FR1		EQU 0BA9CH
PONA		EQU 0A34CH
PONDRA		EQU 0A237H
PONO		EQU 0A344H
PRO2		EQU 09FF5H
PUPA		EQU 0A363H
RELOJ		EQU 0A229H
ROM		EQU 0A30CH
SALGO		EQU 0A035H
SALTMO		EQU 0A39FH
SALTO		EQU 0A310H
SALTOS		EQU 0A379H
SCROLL		EQU 09DE5H
SELO		EQU 0A533H
SELO1		EQU 0A53BH
SELO2		EQU 0A53DH
SENE		EQU 0A4E9H
SIGUE		EQU 0A134H
SIGUE1		EQU 0A161H
SIGUE2		EQU 0A14EH
SIGUE4		EQU 0A15BH
SUBE		EQU 0A311H
SUBIR		EQU 0A3ADH
S_BU1		EQU 09DF3H
S_BU2		EQU 09DF8H
S_BU3		EQU 09E00H
TABLA		EQU 09D95H
TABLA1		EQU 0A2B1H
TABLA2		EQU 0A2B4H
TDO		EQU 09CB3H
TEB1		EQU 09FDDH
TEB11		EQU 0A1CDH
TEB2		EQU 09FFBH
TEB22		EQU 0A1DFH
TECLA2		EQU 09CD6H
TECLAS		EQU 09D32H
TEDE		EQU 09D84H
TEIZ		EQU 09D85H
TERMI		EQU 0A1C3H
TEXT1		EQU 09EF0H
TEXT2		EQU 09EDEH
T_SAL		EQU 09D86H
UNA		EQU 09CF7H
UNO		EQU 09D4AH
VDRA		EQU 0A0B1H
VDRA1		EQU 0A0C4H
VEL1		EQU 09CA3H
VELO		EQU 09CB6H
VEPO		EQU 09E66H
VER		EQU 0A0F9H
VOL		EQU 0A513H
VOLCA1		EQU 09E16H
VOLTA		EQU 0A514H
VO_B1		EQU 09E20H
